2023-05-12 10:41:51,123 - INFO- 22 - test DSP
2023-05-12 20:43:23,929 - INFO- line number: 22 - test DSP
